<<<<<<< Updated upstream
2026-01-29 18:45:44 UTC
Windows-10-10.0.19045-SP0
Ren'Py 8.5.0.25111603

Early init took 33 ms
Loading error handling took 26 ms
=======
2026-01-27 00:26:20 UTC
Windows-11-10.0.26200-SP0
Ren'Py 8.4.1.25072401

Early init took 61 ms
Loading error handling took 98 ms
Loading script took 583 ms
Loading save slot metadata took 170 ms
Loading persistent took 1 ms
Running init code took 113 ms
Loading analysis data took 17 ms
Analyze and compile ATL took 2 ms
Reloading save slot metadata took 9 ms
Dump and make backups took 34 ms
Cleaning cache took 0 ms
Making clean stores took 0 ms
Initial gc took 35 ms
DPI scale factor: 1.000000
nvdrs: Loaded, about to disable thread optimizations.
nvdrs: b"Couldn't load nvlib." (can be ignored)
Creating interface object took 2 ms
Init translation took 0 ms
Cleaning stores took 1 ms
Load screen analysis took 8 ms
Analyze screens took 18 ms
Save screen analysis took 15 ms
Save pyanalysis took 0 ms
Save bytecode took 27 ms
Running _start took 0 ms
Interface start took 289 ms

Initializing gl2 renderer:
primary display bounds: (0, 0, 1920, 1080)
swap interval: 1 frames
Fullscreen mode.
Vendor: 'ATI Technologies Inc.'
Renderer: 'AMD Radeon RX 6650 XT'
Version: '4.6.0 Compatibility Profile Context 26.1.1.260108'
Display Info: <Info({'bitsize': 32, 'bytesize': 4, 'masks': (16711680, 65280, 255, 0), 'shifts': (16, 8, 0, 0), 'losses': (0, 0, 0, 8), 'current_w': 1920, 'current_h': 1080, 'refresh_rate': 144, 'hw': False, 'wm': True, 'video_mem': 268435456, 'blit_hw': False, 'blit_hw_CC': False, 'blit_hw_A': False, 'blit_sw': False, 'blit_sw_CC': False, 'blit_sw_A': False})>
Screen sizes: virtual=(1920, 1080) physical=(1920, 1080) drawable=(1920, 1080)
Maximum texture size: 4096x4096
INFO:renpy_warp_service:service thread started. periodically scanning ports for warp server
Cleaning stores took 0 ms
Load screen analysis took 40 ms
Analyze screens took 0 ms
Running _start took 1 ms
Cleaning stores took 0 ms
Load screen analysis took 27 ms
Analyze screens took 1 ms
Running _start took 2 ms
Cleaning stores took 0 ms
Load screen analysis took 26 ms
Analyze screens took 0 ms
Running _start took 3 ms

Full traceback:
  File "game/script.rpy", line 510, in script
    call screen escuela
  File "renpy/ast.py", line 2231, in execute
    self.call("execute")
    ~~~~~~~~~^^^^^^^^^^^
  File "renpy/ast.py", line 2195, in call
    return renpy.statements.call(method, parsed, *args, **kwargs)
           ~~~~~~~~~~~~~~~~~~~~~^^^^^^^^^^^^^^^^^^^^^^^^^^^^^^^^^
  File "renpy/statements.py", line 379, in call
    return method(parsed, *args, **kwargs)
           ~~~~~~^^^^^^^^^^^^^^^^^^^^^^^^^
  File "renpy/common/000statements.rpy", line 695, in execute_call_screen
    store._return = renpy.call_screen(name, *args, **kwargs)
                    ~~~~~~~~~~~~~~~~~^^^^^^^^^^^^^^^^^^^^^^^
  File "renpy/exports/statementexports.py", line 358, in call_screen
    raise rv
  File "renpy/exports/statementexports.py", line 348, in call_screen
    rv = renpy.ui.interact(mouse="screen", type="screen", roll_forward=roll_forward)
         ~~~~~~~~~~~~~~~~~^^^^^^^^^^^^^^^^^^^^^^^^^^^^^^^^^^^^^^^^^^^^^^^^^^^^^^^^^^
  File "renpy/ui.py", line 304, in interact
    rv = renpy.game.interface.interact(roll_forward=roll_forward, **kwargs)
         ~~~~~~~~~~~~~~~~~~~~~~~~~~~~~^^^^^^^^^^^^^^^^^^^^^^^^^^^^^^^^^^^^^
  File "renpy/display/core.py", line 2219, in interact
    repeat, rv = self.interact_core(
                 ~~~~~~~~~~~~~~~~~~^
        preloads=preloads,
        ^^^^^^^^^^^^^^^^^^
    ...<4 lines>...
        **kwargs,
        ^^^^^^^^^
    )  # type: ignore
    ^                
  File "renpy/display/core.py", line 3302, in interact_core
    rv = root_widget.event(ev, x, y, 0)
         ~~~~~~~~~~~~~~~~~^^^^^^^^^^^^^
  File "renpy/display/layout.py", line 1284, in event
    rv = i.event(ev, x - xo, y - yo, cst)
         ~~~~~~~^^^^^^^^^^^^^^^^^^^^^^^^^
  File "renpy/display/layout.py", line 1284, in event
    rv = i.event(ev, x - xo, y - yo, cst)
         ~~~~~~~^^^^^^^^^^^^^^^^^^^^^^^^^
  File "renpy/display/layout.py", line 1284, in event
    rv = i.event(ev, x - xo, y - yo, cst)
         ~~~~~~~^^^^^^^^^^^^^^^^^^^^^^^^^
  File "renpy/display/screen.py", line 805, in event
    rv = self.child.event(ev, x, y, st)
         ~~~~~~~~~~~~~~~~^^^^^^^^^^^^^^
  File "renpy/display/layout.py", line 1284, in event
    rv = i.event(ev, x - xo, y - yo, cst)
         ~~~~~~~^^^^^^^^^^^^^^^^^^^^^^^^^
  File "renpy/display/layout.py", line 1284, in event
    rv = i.event(ev, x - xo, y - yo, cst)
         ~~~~~~~^^^^^^^^^^^^^^^^^^^^^^^^^
  File "renpy/display/layout.py", line 1284, in event
    rv = i.event(ev, x - xo, y - yo, cst)
         ~~~~~~~^^^^^^^^^^^^^^^^^^^^^^^^^
  File "renpy/display/behavior.py", line 1184, in event
    return handle_click(self.clicked)
           ~~~~~~~~~~~~^^^^^^^^^^^^^^
  File "renpy/display/behavior.py", line 1107, in handle_click
    rv = run(action)
         ~~~^^^^^^^^
  File "renpy/display/behavior.py", line 404, in run
    new_rv = run(i, *args, **kwargs)
             ~~~^^^^^^^^^^^^^^^^^^^^
  File "renpy/display/behavior.py", line 411, in run
    return action(*args, **kwargs)
           ~~~~~~^^^^^^^^^^^^^^^^^
  File "renpy/common/00action_control.rpy", line 79, in __call__
    renpy.jump(self.label)
    ~~~~~~~~~~^^^^^^^^^^^^
  File "renpy/exports/statementexports.py", line 271, in jump
    raise renpy.game.JumpException(label)
renpy.game.JumpException: orfanato

During handling of the above exception, another exception occurred:

Traceback (most recent call last):
  File "renpy/bootstrap.py", line 376, in bootstrap
    renpy.main.main()
    ~~~~~~~~~~~~~~~^^
  File "renpy/main.py", line 614, in main
    run(restart)
    ~~~^^^^^^^^^
  File "renpy/main.py", line 137, in run
    renpy.execution.run_context(True)
    ~~~~~~~~~~~~~~~~~~~~~~~~~~~^^^^^^
  File "renpy/execution.py", line 1022, in run_context
    context.run()
    ~~~~~~~~~~~^^
  File "game/script.rpy", line 510, in script
    call screen escuela
  File "renpy/script.py", line 1161, in lookup
    raise LabelNotFound(original)
renpy.script.LabelNotFound: could not find label 'orfanato'.

While running game code:
  File "game/script.rpy", line 510, in script
    call screen escuela
renpy.game.JumpException: orfanato

During handling of the above exception, another exception occurred:

Traceback (most recent call last):
  File "game/script.rpy", line 510, in script
    call screen escuela
renpy.script.LabelNotFound: could not find label 'orfanato'.
>>>>>>> Stashed changes
