I'm sorry, but an uncaught exception occurred.

While running game code:
<<<<<<< HEAD
  File "game/script.rpy", line 517, in script
    call screen pasillo
  File "game/script.rpy", line 657, in execute
    screen pasillo():
  File "game/script.rpy", line 657, in execute
    screen pasillo():
  File "game/script.rpy", line 672, in execute
=======
<<<<<<< Updated upstream
<<<<<<< HEAD
  File "game/script.rpy", line 625, in script
    with dissolve
  File "game/script.rpy", line 776, in execute
    screen interior_armario_puzzle():
  File "game/script.rpy", line 776, in execute
    screen interior_armario_puzzle():
  File "game/script.rpy", line 779, in execute
>>>>>>> fb1458c0b2495c82cb9df1a1e35e255e5fcf89ed
    imagebutton:
  File "game/script.rpy", line 672, in keywords
    imagebutton:
<<<<<<< HEAD
  File "game/script.rpy", line 678, in <module>
    focus_mask true
               ^^^^
NameError: name 'true' is not defined. Did you mean: 'True'?
=======
  File "game/script.rpy", line 782, in <module>
    action jump("back_puzle_armario")
           ^^^^                      
NameError: name 'jump' is not defined. Did you mean: 'Jump'?
=======
  File "game/options.rpy", line 217, in script
    define config.adjust_viewport_scale = True
Exception: config.adjust_viewport_scale is not a known configuration variable.
>>>>>>> orfanato
=======
  File "game/script.rpy", line 510, in script
    call screen escuela
renpy.game.JumpException: orfanato

During handling of the above exception, another exception occurred:

Traceback (most recent call last):
  File "game/script.rpy", line 510, in script
    call screen escuela
renpy.script.LabelNotFound: could not find label 'orfanato'.
>>>>>>> Stashed changes
>>>>>>> fb1458c0b2495c82cb9df1a1e35e255e5fcf89ed

-- Full Traceback ------------------------------------------------------------

Traceback (most recent call last):
<<<<<<< HEAD
  File "game/script.rpy", line 517, in script
    call screen pasillo
  File "renpy/ast.py", line 2241, in execute
    self.call("execute")
    ~~~~~~~~~^^^^^^^^^^^
  File "renpy/ast.py", line 2195, in call
    return renpy.statements.call(method, parsed, *args, **kwargs)
           ~~~~~~~~~~~~~~~~~~~~~^^^^^^^^^^^^^^^^^^^^^^^^^^^^^^^^^
  File "renpy/statements.py", line 381, in call
    return method(parsed, *args, **kwargs)
           ~~~~~~^^^^^^^^^^^^^^^^^^^^^^^^^
  File "renpy/common/000statements.rpy", line 695, in execute_call_screen
    store._return = renpy.call_screen(name, *args, **kwargs)
                    ~~~~~~~~~~~~~~~~~^^^^^^^^^^^^^^^^^^^^^^^
  File "renpy/exports/statementexports.py", line 348, in call_screen
    rv = renpy.ui.interact(mouse="screen", type="screen", roll_forward=roll_forward)
         ~~~~~~~~~~~~~~~~~^^^^^^^^^^^^^^^^^^^^^^^^^^^^^^^^^^^^^^^^^^^^^^^^^^^^^^^^^^
  File "renpy/ui.py", line 304, in interact
    rv = renpy.game.interface.interact(roll_forward=roll_forward, **kwargs)
         ~~~~~~~~~~~~~~~~~~~~~~~~~~~~~^^^^^^^^^^^^^^^^^^^^^^^^^^^^^^^^^^^^^
=======
<<<<<<< Updated upstream
<<<<<<< HEAD
  File "game/script.rpy", line 625, in script
    with dissolve
  File "renpy/ast.py", line 1581, in execute
    renpy.exports.with_statement(trans, paired=paired)
    ~~~~~~~~~~~~~~~~~~~~~~~~~~~~^^^^^^^^^^^^^^^^^^^^^^
  File "renpy/exports/statementexports.py", line 260, in with_statement
    return renpy.game.interface.do_with(trans, paired, clear=clear)
           ~~~~~~~~~~~~~~~~~~~~~~~~~~~~^^^^^^^^^^^^^^^^^^^^^^^^^^^^
  File "renpy/display/core.py", line 1478, in do_with
    return self.interact(
           ~~~~~~~~~~~~~^
        trans_pause=True, suppress_overlay=not renpy.config.overlay_during_with, mouse="with", clear=clear
        ^^^^^^^^^^^^^^^^^^^^^^^^^^^^^^^^^^^^^^^^^^^^^^^^^^^^^^^^^^^^^^^^^^^^^^^^^^^^^^^^^^^^^^^^^^^^^^^^^^
    )
    ^
>>>>>>> fb1458c0b2495c82cb9df1a1e35e255e5fcf89ed
  File "renpy/display/core.py", line 2117, in interact
=======
  File "game/script.rpy", line 510, in script
    call screen escuela
  File "renpy/ast.py", line 2231, in execute
    self.call("execute")
    ~~~~~~~~~^^^^^^^^^^^
  File "renpy/ast.py", line 2195, in call
    return renpy.statements.call(method, parsed, *args, **kwargs)
           ~~~~~~~~~~~~~~~~~~~~~^^^^^^^^^^^^^^^^^^^^^^^^^^^^^^^^^
  File "renpy/statements.py", line 379, in call
    return method(parsed, *args, **kwargs)
           ~~~~~~^^^^^^^^^^^^^^^^^^^^^^^^^
  File "renpy/common/000statements.rpy", line 695, in execute_call_screen
    store._return = renpy.call_screen(name, *args, **kwargs)
                    ~~~~~~~~~~~~~~~~~^^^^^^^^^^^^^^^^^^^^^^^
  File "renpy/exports/statementexports.py", line 358, in call_screen
    raise rv
  File "renpy/exports/statementexports.py", line 348, in call_screen
    rv = renpy.ui.interact(mouse="screen", type="screen", roll_forward=roll_forward)
         ~~~~~~~~~~~~~~~~~^^^^^^^^^^^^^^^^^^^^^^^^^^^^^^^^^^^^^^^^^^^^^^^^^^^^^^^^^^
  File "renpy/ui.py", line 304, in interact
    rv = renpy.game.interface.interact(roll_forward=roll_forward, **kwargs)
         ~~~~~~~~~~~~~~~~~~~~~~~~~~~~~^^^^^^^^^^^^^^^^^^^^^^^^^^^^^^^^^^^^^
  File "renpy/display/core.py", line 2219, in interact
>>>>>>> Stashed changes
    repeat, rv = self.interact_core(
                 ~~~~~~~~~~~~~~~~~~^
        preloads=preloads,
        ^^^^^^^^^^^^^^^^^^
    ...<4 lines>...
        **kwargs,
        ^^^^^^^^^
<<<<<<< Updated upstream
    )
    ^
  File "renpy/display/core.py", line 2655, in interact_core
    root_widget.visit_all(lambda d: d.per_interact())
    ~~~~~~~~~~~~~~~~~~~~~^^^^^^^^^^^^^^^^^^^^^^^^^^^^
  File "renpy/display/displayable.py", line 457, in visit_all
    d.visit_all(callback, seen)
    ~~~~~~~~~~~^^^^^^^^^^^^^^^^
  File "renpy/display/displayable.py", line 457, in visit_all
    d.visit_all(callback, seen)
    ~~~~~~~~~~~^^^^^^^^^^^^^^^^
  File "renpy/display/displayable.py", line 457, in visit_all
    d.visit_all(callback, seen)
    ~~~~~~~~~~~^^^^^^^^^^^^^^^^
  File "renpy/display/screen.py", line 503, in visit_all
    callback(self)
    ~~~~~~~~^^^^^^
  File "renpy/display/core.py", line 2655, in <lambda>
    root_widget.visit_all(lambda d: d.per_interact())
                                    ~~~~~~~~~~~~~~^^ 
  File "renpy/display/screen.py", line 514, in per_interact
    self.update()
    ~~~~~~~~~~~^^
  File "renpy/display/screen.py", line 715, in update
    self.screen.function(**self.scope)
    ~~~~~~~~~~~~~~~~~~~~^^^^^^^^^^^^^^
  File "game/script.rpy", line 657, in execute
    screen pasillo():
  File "game/script.rpy", line 657, in execute
    screen pasillo():
  File "game/script.rpy", line 672, in execute
    imagebutton:
  File "game/script.rpy", line 672, in keywords
    imagebutton:
  File "renpy/python.py", line 1305, in py_eval
    return py_eval_bytecode(code, globals, locals)
           ~~~~~~~~~~~~~~~~^^^^^^^^^^^^^^^^^^^^^^^
  File "renpy/python.py", line 1298, in py_eval_bytecode
    return eval(bytecode, globals, locals)
           ~~~~^^^^^^^^^^^^^^^^^^^^^^^^^^^
<<<<<<< HEAD
  File "game/script.rpy", line 678, in <module>
    focus_mask true
               ^^^^
NameError: name 'true' is not defined. Did you mean: 'True'?
=======
  File "game/script.rpy", line 782, in <module>
    action jump("back_puzle_armario")
           ^^^^                      
NameError: name 'jump' is not defined. Did you mean: 'Jump'?
=======
  File "game/options.rpy", line 217, in script
    define config.adjust_viewport_scale = True
  File "renpy/ast.py", line 2463, in execute
    self.set()
    ~~~~~~~~^^
  File "renpy/ast.py", line 2479, in set
    ns.set(self.varname, value)
    ~~~~~~^^^^^^^^^^^^^^^^^^^^^
  File "renpy/common/000namespaces.rpy", line 34, in set
    setattr(self.nso, name, value)
    ~~~~~~~^^^^^^^^^^^^^^^^^^^^^^^
  File "renpy/defaultstore.py", line 100, in __setattr__
    raise Exception("config.%s is not a known configuration variable." % (name))
Exception: config.adjust_viewport_scale is not a known configuration variable.
>>>>>>> orfanato
=======
    )  # type: ignore
    ^                
  File "renpy/display/core.py", line 3302, in interact_core
    rv = root_widget.event(ev, x, y, 0)
         ~~~~~~~~~~~~~~~~~^^^^^^^^^^^^^
  File "renpy/display/layout.py", line 1284, in event
    rv = i.event(ev, x - xo, y - yo, cst)
         ~~~~~~~^^^^^^^^^^^^^^^^^^^^^^^^^
  File "renpy/display/layout.py", line 1284, in event
    rv = i.event(ev, x - xo, y - yo, cst)
         ~~~~~~~^^^^^^^^^^^^^^^^^^^^^^^^^
  File "renpy/display/layout.py", line 1284, in event
    rv = i.event(ev, x - xo, y - yo, cst)
         ~~~~~~~^^^^^^^^^^^^^^^^^^^^^^^^^
  File "renpy/display/screen.py", line 805, in event
    rv = self.child.event(ev, x, y, st)
         ~~~~~~~~~~~~~~~~^^^^^^^^^^^^^^
  File "renpy/display/layout.py", line 1284, in event
    rv = i.event(ev, x - xo, y - yo, cst)
         ~~~~~~~^^^^^^^^^^^^^^^^^^^^^^^^^
  File "renpy/display/layout.py", line 1284, in event
    rv = i.event(ev, x - xo, y - yo, cst)
         ~~~~~~~^^^^^^^^^^^^^^^^^^^^^^^^^
  File "renpy/display/layout.py", line 1284, in event
    rv = i.event(ev, x - xo, y - yo, cst)
         ~~~~~~~^^^^^^^^^^^^^^^^^^^^^^^^^
  File "renpy/display/behavior.py", line 1184, in event
    return handle_click(self.clicked)
           ~~~~~~~~~~~~^^^^^^^^^^^^^^
  File "renpy/display/behavior.py", line 1107, in handle_click
    rv = run(action)
         ~~~^^^^^^^^
  File "renpy/display/behavior.py", line 404, in run
    new_rv = run(i, *args, **kwargs)
             ~~~^^^^^^^^^^^^^^^^^^^^
  File "renpy/display/behavior.py", line 411, in run
    return action(*args, **kwargs)
           ~~~~~~^^^^^^^^^^^^^^^^^
  File "renpy/common/00action_control.rpy", line 79, in __call__
    renpy.jump(self.label)
    ~~~~~~~~~~^^^^^^^^^^^^
  File "renpy/exports/statementexports.py", line 271, in jump
    raise renpy.game.JumpException(label)
renpy.game.JumpException: orfanato

During handling of the above exception, another exception occurred:

Traceback (most recent call last):
  File "renpy/bootstrap.py", line 376, in bootstrap
    renpy.main.main()
    ~~~~~~~~~~~~~~~^^
  File "renpy/main.py", line 614, in main
    run(restart)
    ~~~^^^^^^^^^
  File "renpy/main.py", line 137, in run
    renpy.execution.run_context(True)
    ~~~~~~~~~~~~~~~~~~~~~~~~~~~^^^^^^
  File "renpy/execution.py", line 1022, in run_context
    context.run()
    ~~~~~~~~~~~^^
  File "game/script.rpy", line 510, in script
    call screen escuela
  File "renpy/script.py", line 1161, in lookup
    raise LabelNotFound(original)
renpy.script.LabelNotFound: could not find label 'orfanato'.
>>>>>>> Stashed changes
>>>>>>> fb1458c0b2495c82cb9df1a1e35e255e5fcf89ed

Windows-11-10.0.26200-SP0 AMD64
Ren'Py 8.4.1.25072401
Reminiscent Dream 1.0
<<<<<<< HEAD
Thu Jan 29 21:21:58 2026
=======
<<<<<<< Updated upstream
<<<<<<< HEAD
Tue Jan 27 21:05:29 2026
=======
Thu Jan 29 19:02:14 2026
>>>>>>> orfanato
=======
Tue Jan 27 01:31:23 2026
>>>>>>> Stashed changes
>>>>>>> fb1458c0b2495c82cb9df1a1e35e255e5fcf89ed
