I'm sorry, but an uncaught exception occurred.

While running game code:
<<<<<<< Updated upstream
  File "game/script.rpy", line 934, in script
    call screen mapa
renpy.game.JumpException: orfanato

During handling of the above exception, another exception occurred:

Traceback (most recent call last):
  File "game/script.rpy", line 479, in script
    pause
  File "game/script.rpy", line 934, in script
    call screen mapa
renpy.script.LabelNotFound: could not find label 'orfanato'.
=======
  File "game/script.rpy", line 831, in script
    $ cantidad_recuerdos += 1
  File "game/script.rpy", line 831, in <module>
    $ cantidad_recuerdos += 1
      ^^^^^^^^^^^^^^^^^^     
NameError: name 'cantidad_recuerdos' is not defined
>>>>>>> Stashed changes

-- Full Traceback ------------------------------------------------------------

Traceback (most recent call last):
<<<<<<< Updated upstream
  File "game/script.rpy", line 934, in script
    call screen mapa
  File "renpy/ast.py", line 2241, in execute
    self.call("execute")
    ~~~~~~~~~^^^^^^^^^^^
  File "renpy/ast.py", line 2195, in call
    return renpy.statements.call(method, parsed, *args, **kwargs)
           ~~~~~~~~~~~~~~~~~~~~~^^^^^^^^^^^^^^^^^^^^^^^^^^^^^^^^^
  File "renpy/statements.py", line 381, in call
    return method(parsed, *args, **kwargs)
           ~~~~~~^^^^^^^^^^^^^^^^^^^^^^^^^
  File "renpy/common/000statements.rpy", line 695, in execute_call_screen
    store._return = renpy.call_screen(name, *args, **kwargs)
                    ~~~~~~~~~~~~~~~~~^^^^^^^^^^^^^^^^^^^^^^^
  File "renpy/exports/statementexports.py", line 358, in call_screen
    raise rv
  File "renpy/exports/statementexports.py", line 348, in call_screen
    rv = renpy.ui.interact(mouse="screen", type="screen", roll_forward=roll_forward)
         ~~~~~~~~~~~~~~~~~^^^^^^^^^^^^^^^^^^^^^^^^^^^^^^^^^^^^^^^^^^^^^^^^^^^^^^^^^^
  File "renpy/ui.py", line 304, in interact
    rv = renpy.game.interface.interact(roll_forward=roll_forward, **kwargs)
         ~~~~~~~~~~~~~~~~~~~~~~~~~~~~~^^^^^^^^^^^^^^^^^^^^^^^^^^^^^^^^^^^^^
  File "renpy/display/core.py", line 2117, in interact
    repeat, rv = self.interact_core(
                 ~~~~~~~~~~~~~~~~~~^
        preloads=preloads,
        ^^^^^^^^^^^^^^^^^^
    ...<4 lines>...
        **kwargs,
        ^^^^^^^^^
    )
    ^
  File "renpy/display/core.py", line 3203, in interact_core
    rv = root_widget.event(ev, x, y, 0)
         ~~~~~~~~~~~~~~~~~^^^^^^^^^^^^^
  File "renpy/display/layout.py", line 1281, in event
    rv = i.event(ev, x - xo, y - yo, cst)
         ~~~~~~~^^^^^^^^^^^^^^^^^^^^^^^^^
  File "renpy/display/layout.py", line 1281, in event
    rv = i.event(ev, x - xo, y - yo, cst)
         ~~~~~~~^^^^^^^^^^^^^^^^^^^^^^^^^
  File "renpy/display/layout.py", line 1281, in event
    rv = i.event(ev, x - xo, y - yo, cst)
         ~~~~~~~^^^^^^^^^^^^^^^^^^^^^^^^^
  File "renpy/display/screen.py", line 805, in event
    rv = self.child.event(ev, x, y, st)
         ~~~~~~~~~~~~~~~~^^^^^^^^^^^^^^
  File "renpy/display/layout.py", line 1281, in event
    rv = i.event(ev, x - xo, y - yo, cst)
         ~~~~~~~^^^^^^^^^^^^^^^^^^^^^^^^^
  File "renpy/display/layout.py", line 1281, in event
    rv = i.event(ev, x - xo, y - yo, cst)
         ~~~~~~~^^^^^^^^^^^^^^^^^^^^^^^^^
  File "renpy/display/layout.py", line 1281, in event
    rv = i.event(ev, x - xo, y - yo, cst)
         ~~~~~~~^^^^^^^^^^^^^^^^^^^^^^^^^
  File "renpy/display/behavior.py", line 1185, in event
    return handle_click(self.clicked)
           ~~~~~~~~~~~~^^^^^^^^^^^^^^
  File "renpy/display/behavior.py", line 1107, in handle_click
    rv = run(action)
         ~~~^^^^^^^^
  File "renpy/display/behavior.py", line 411, in run
    return action(*args, **kwargs)
           ~~~~~~^^^^^^^^^^^^^^^^^
  File "renpy/common/00action_control.rpy", line 79, in __call__
    renpy.jump(self.label)
    ~~~~~~~~~~^^^^^^^^^^^^
  File "renpy/exports/statementexports.py", line 271, in jump
    raise renpy.game.JumpException(label)
renpy.game.JumpException: orfanato

During handling of the above exception, another exception occurred:

Traceback (most recent call last):
  File "game/script.rpy", line 479, in script
    pause
  File "renpy/ast.py", line 2241, in execute
    self.call("execute")
    ~~~~~~~~~^^^^^^^^^^^
  File "renpy/ast.py", line 2195, in call
    return renpy.statements.call(method, parsed, *args, **kwargs)
           ~~~~~~~~~~~~~~~~~~~~~^^^^^^^^^^^^^^^^^^^^^^^^^^^^^^^^^
  File "renpy/statements.py", line 381, in call
    return method(parsed, *args, **kwargs)
           ~~~~~~^^^^^^^^^^^^^^^^^^^^^^^^^
  File "renpy/common/000statements.rpy", line 485, in execute_pause
    renpy.pause()
    ~~~~~~~~~~~^^
  File "renpy/exports/statementexports.py", line 198, in pause
    rv = renpy.ui.interact(mouse="pause", type="pause", roll_forward=roll_forward, pause=delay, pause_modal=modal)
         ~~~~~~~~~~~~~~~~~^^^^^^^^^^^^^^^^^^^^^^^^^^^^^^^^^^^^^^^^^^^^^^^^^^^^^^^^^^^^^^^^^^^^^^^^^^^^^^^^^^^^^^^^
  File "renpy/ui.py", line 304, in interact
    rv = renpy.game.interface.interact(roll_forward=roll_forward, **kwargs)
         ~~~~~~~~~~~~~~~~~~~~~~~~~~~~~^^^^^^^^^^^^^^^^^^^^^^^^^^^^^^^^^^^^^
  File "renpy/display/core.py", line 2117, in interact
    repeat, rv = self.interact_core(
                 ~~~~~~~~~~~~~~~~~~^
        preloads=preloads,
        ^^^^^^^^^^^^^^^^^^
    ...<4 lines>...
        **kwargs,
        ^^^^^^^^^
    )
    ^
  File "renpy/display/core.py", line 3203, in interact_core
    rv = root_widget.event(ev, x, y, 0)
         ~~~~~~~~~~~~~~~~~^^^^^^^^^^^^^
  File "renpy/display/layout.py", line 1281, in event
    rv = i.event(ev, x - xo, y - yo, cst)
         ~~~~~~~^^^^^^^^^^^^^^^^^^^^^^^^^
  File "renpy/display/layout.py", line 1281, in event
    rv = i.event(ev, x - xo, y - yo, cst)
         ~~~~~~~^^^^^^^^^^^^^^^^^^^^^^^^^
  File "renpy/display/layout.py", line 1281, in event
    rv = i.event(ev, x - xo, y - yo, cst)
         ~~~~~~~^^^^^^^^^^^^^^^^^^^^^^^^^
  File "renpy/display/screen.py", line 805, in event
    rv = self.child.event(ev, x, y, st)
         ~~~~~~~~~~~~~~~~^^^^^^^^^^^^^^
  File "renpy/display/layout.py", line 1281, in event
    rv = i.event(ev, x - xo, y - yo, cst)
         ~~~~~~~^^^^^^^^^^^^^^^^^^^^^^^^^
  File "renpy/display/behavior.py", line 1185, in event
    return handle_click(self.clicked)
           ~~~~~~~~~~~~^^^^^^^^^^^^^^
  File "renpy/display/behavior.py", line 1107, in handle_click
    rv = run(action)
         ~~~^^^^^^^^
  File "renpy/display/behavior.py", line 411, in run
    return action(*args, **kwargs)
           ~~~~~~^^^^^^^^^^^^^^^^^
  File "renpy/common/00action_menu.rpy", line 120, in __call__
    renpy.call_in_new_context("_game_menu", *self.args, _game_menu_screen=screen, **self.kwargs)
    ~~~~~~~~~~~~~~~~~~~~~~~~~^^^^^^^^^^^^^^^^^^^^^^^^^^^^^^^^^^^^^^^^^^^^^^^^^^^^^^^^^^^^^^^^^^^
  File "renpy/game.py", line 372, in call_in_new_context
    return renpy.execution.run_context(False)
           ~~~~~~~~~~~~~~~~~~~~~~~~~~~^^^^^^^
  File "renpy/execution.py", line 1027, in run_context
    context.run()
    ~~~~~~~~~~~^^
  File "game/script.rpy", line 934, in script
    call screen mapa
  File "renpy/script.py", line 1201, in lookup
    raise LabelNotFound(original)
renpy.script.LabelNotFound: could not find label 'orfanato'.
=======
  File "game/script.rpy", line 831, in script
    $ cantidad_recuerdos += 1
  File "renpy/ast.py", line 1187, in execute
    renpy.python.py_exec_bytecode(self.code.bytecode, self.hide, store=self.store)
    ~~~~~~~~~~~~~~~~~~~~~~~~~~~~~^^^^^^^^^^^^^^^^^^^^^^^^^^^^^^^^^^^^^^^^^^^^^^^^^
  File "renpy/python.py", line 1260, in py_exec_bytecode
    exec(bytecode, globals, locals)
    ~~~~^^^^^^^^^^^^^^^^^^^^^^^^^^^
  File "game/script.rpy", line 831, in <module>
    $ cantidad_recuerdos += 1
      ^^^^^^^^^^^^^^^^^^     
NameError: name 'cantidad_recuerdos' is not defined
>>>>>>> Stashed changes

Windows-11-10.0.26200-SP0 AMD64
Ren'Py 8.5.0.25111603
SilencioGilM 1.0
<<<<<<< Updated upstream
Sun Jan 11 20:28:41 2026
=======
Mon Jan 12 19:11:51 2026
>>>>>>> Stashed changes
